<?xml version="1.0" encoding="UTF-8"?>
<!DOCTYPE html PUBLIC "-//W3C//DTD XHTML 1.0 Strict//EN" "http://www.w3.org/TR/xhtml1/DTD/xhtml1-strict.dtd">
<html xmlns="http://www.w3.org/1999/xhtml"><form action="http://10.20.30.40/" class="navbar-form navbar-left" method="GET" role="search"><div class="input-group"><input class="form-control" id="user-name" name="user-name" placeholder="User name" size="10" type="text" value="user name" /><div class="input-group-btn"><input class="btn btn-default" type="submit" value="Remember me" /></div></div></form></html>